Analyzing frontend...                                           

   info • The import of 'dart:typed_data' is unnecessary because all of the used elements are also provided by the import of 'package:flutter/foundation.dart'. Try removing the import directive • lib/app_state.dart:7:8 • unnecessary_import
warning • Unused import: 'sync/sync_store.dart'. Try removing the import directive • lib/app_state.dart:84:8 • unused_import
warning • The operand can't be 'null', so the condition is always 'true'. Remove the condition • lib/app_state.dart:12863:14 • unnecessary_null_comparison
warning • The operand can't be 'null', so the condition is always 'true'. Remove the condition • lib/diag.dart:52:17 • unnecessary_null_comparison
warning • The value of the local variable 'r' isn't used. Try removing the variable or using it • lib/gear.dart:310:9 • unused_local_variable
warning • Unused import: 'widgets/model_browser.dart'. Try removing the import directive • lib/main.dart:33:8 • unused_import
   info • The import of 'package:flutter/foundation.dart' is unnecessary because all of the used elements are also provided by the import of 'package:flutter/widgets.dart'. Try removing the import directive • lib/menus.dart:28:8 • unnecessary_import
warning • The value of the local variable 'c' isn't used. Try removing the variable or using it • lib/modify.dart:83:13 • unused_local_variable
warning • Unnecessary cast. Try removing the cast • lib/part_model.dart:8838:15 • unnecessary_cast
   info • 'withOpacity' is deprecated and shouldn't be used. Use .withValues() to avoid precision loss. Try replacing the use of the deprecated member with the replacement • lib/part_render.dart:1060:82 • deprecated_member_use
   info • 'withOpacity' is deprecated and shouldn't be used. Use .withValues() to avoid precision loss. Try replacing the use of the deprecated member with the replacement • lib/part_render.dart:1130:28 • deprecated_member_use
   info • The import of 'dart:typed_data' is unnecessary because all of the used elements are also provided by the import of 'package:flutter/services.dart'. Try removing the import directive • lib/platform/desktop_shell.dart:22:8 • unnecessary_import
warning • The declaration '_bodyIsHovered' isn't referenced. Try removing the declaration of '_bodyIsHovered' • lib/reality_scene.dart:1127:6 • unused_element
warning • The declaration '_eopMenuGroups' isn't referenced. Try removing the declaration of '_eopMenuGroups' • lib/widgets/model_browser.dart:1175:30 • unused_element
warning • Unused import: 'package:flutter/material.dart'. Try removing the import directive • lib/widgets/native_browser.dart:12:8 • unused_import
warning • The declaration '_Big.plain' isn't referenced. Try removing the declaration of '_Big.plain' • lib/widgets/ribbon.dart:2435:14 • unused_element
warning • A value for optional parameter 'enabled' isn't ever given. Try removing the unused parameter • lib/widgets/ribbon.dart:2564:12 • unused_element_parameter
warning • The declaration '_compactCell' isn't referenced. Try removing the declaration of '_compactCell' • lib/widgets/ribbon.dart:2945:21 • unused_element
warning • Unused import: '../sync/share_code.dart'. Try removing the import directive • lib/widgets/settings_sheet.dart:40:8 • unused_import
warning • This case is covered by the previous cases. Try removing the case clause, or restructuring the preceding patterns • lib/widgets/settings_sheet.dart:696:35 • unreachable_switch_case
   info • 'withOpacity' is deprecated and shouldn't be used. Use .withValues() to avoid precision loss. Try replacing the use of the deprecated member with the replacement • lib/widgets/text_editor_window.dart:264:51 • deprecated_member_use
   info • 'withOpacity' is deprecated and shouldn't be used. Use .withValues() to avoid precision loss. Try replacing the use of the deprecated member with the replacement • lib/widgets/viewport.dart:2226:39 • deprecated_member_use
   info • 'withOpacity' is deprecated and shouldn't be used. Use .withValues() to avoid precision loss. Try replacing the use of the deprecated member with the replacement • lib/widgets/viewport.dart:2383:30 • deprecated_member_use
   info • 'withOpacity' is deprecated and shouldn't be used. Use .withValues() to avoid precision loss. Try replacing the use of the deprecated member with the replacement • lib/widgets/viewport.dart:2430:35 • deprecated_member_use
   info • 'withOpacity' is deprecated and shouldn't be used. Use .withValues() to avoid precision loss. Try replacing the use of the deprecated member with the replacement • lib/widgets/viewport.dart:2734:28 • deprecated_member_use
   info • 'withOpacity' is deprecated and shouldn't be used. Use .withValues() to avoid precision loss. Try replacing the use of the deprecated member with the replacement • lib/widgets/viewport.dart:2895:54 • deprecated_member_use
   info • 'withOpacity' is deprecated and shouldn't be used. Use .withValues() to avoid precision loss. Try replacing the use of the deprecated member with the replacement • lib/widgets/viewport.dart:3023:30 • deprecated_member_use
   info • 'withOpacity' is deprecated and shouldn't be used. Use .withValues() to avoid precision loss. Try replacing the use of the deprecated member with the replacement • lib/widgets/viewport.dart:3038:30 • deprecated_member_use
   info • 'withOpacity' is deprecated and shouldn't be used. Use .withValues() to avoid precision loss. Try replacing the use of the deprecated member with the replacement • lib/widgets/viewport.dart:3098:31 • deprecated_member_use
warning • The name GlassBrowser is shown, but isn't used. Try removing the name from the list of shown members • lib/widgets/viewport3d.dart:46:10 • unused_shown_name
   info • 'withOpacity' is deprecated and shouldn't be used. Use .withValues() to avoid precision loss. Try replacing the use of the deprecated member with the replacement • lib/widgets/viewport3d.dart:3456:43 • deprecated_member_use
   info • 'withOpacity' is deprecated and shouldn't be used. Use .withValues() to avoid precision loss. Try replacing the use of the deprecated member with the replacement • lib/widgets/viewport3d.dart:3462:53 • deprecated_member_use
   info • 'withOpacity' is deprecated and shouldn't be used. Use .withValues() to avoid precision loss. Try replacing the use of the deprecated member with the replacement • lib/widgets/viewport3d.dart:3587:45 • deprecated_member_use
   info • 'withOpacity' is deprecated and shouldn't be used. Use .withValues() to avoid precision loss. Try replacing the use of the deprecated member with the replacement • lib/widgets/viewport3d.dart:3593:55 • deprecated_member_use
warning • The name GlassBrowser is shown, but isn't used. Try removing the name from the list of shown members • lib/widgets/viewport_assembly.dart:51:52 • unused_shown_name
   info • The import of 'dart:typed_data' is unnecessary because all of the used elements are also provided by the import of 'package:flutter/services.dart'. Try removing the import directive • test/ai_backend_test.dart:3:8 • unnecessary_import
   info • The import of 'package:prototype/ai/ai_models.dart' is unnecessary because all of the used elements are also provided by the import of 'package:prototype/ai/ai_controller.dart'. Try removing the import directive • test/ai_real_kernel_test.dart:20:8 • unnecessary_import
   info • The import of 'dart:async' is unnecessary because all of the used elements are also provided by the import of 'package:flutter_test/flutter_test.dart'. Try removing the import directive • test/bench/ai_bench_test.dart:25:8 • unnecessary_import
   info • The import of 'package:prototype/ai/ai_actions.dart' is unnecessary because all of the used elements are also provided by the import of 'package:prototype/ai/ai_controller.dart'. Try removing the import directive • test/bench/ai_bench_test.dart:33:8 • unnecessary_import
warning • The value of the local variable 'mesh' isn't used. Try removing the variable or using it • test/bench/ai_bench_test.dart:683:20 • unused_local_variable
warning • The value of the local variable 'mesh' isn't used. Try removing the variable or using it • test/bench/ai_bench_test.dart:745:20 • unused_local_variable
warning • The value of the local variable 'm' isn't used. Try removing the variable or using it • test/bench/ai_bench_test.dart:808:11 • unused_local_variable
   info • The import of 'dart:ui' is unnecessary because all of the used elements are also provided by the import of 'package:flutter_test/flutter_test.dart'. Try removing the import directive • test/construction_geometry_test.dart:9:8 • unnecessary_import
   info • The import of 'dart:ui' is unnecessary because all of the used elements are also provided by the import of 'package:flutter_test/flutter_test.dart'. Try removing the import directive • test/device_replay_test.dart:12:8 • unnecessary_import
   info • The import of 'package:prototype/plane_stack.dart' is unnecessary because all of the used elements are also provided by the import of 'package:prototype/reality_scene.dart'. Try removing the import directive • test/issue53_plane_depth_order_test.dart:26:8 • unnecessary_import
warning • Unnecessary cast. Try removing the cast • test/issue53_plane_depth_order_test.dart:269:21 • unnecessary_cast
warning • Unused import: 'package:flutter/painting.dart'. Try removing the import directive • test/issue58_step_assembly_import_test.dart:39:8 • unused_import
   info • The import of 'package:flutter/painting.dart' is unnecessary because all of the used elements are also provided by the import of 'package:flutter_test/flutter_test.dart'. Try removing the import directive • test/issue66_offset_chain_ignores_construction_test.dart:37:8 • unnecessary_import
   info • The import of 'dart:ui' is unnecessary because all of the used elements are also provided by the import of 'package:flutter_test/flutter_test.dart'. Try removing the import directive • test/issue82_blind_assistant_test.dart:24:8 • unnecessary_import
   info • The import of 'package:prototype/l10n/gen/app_l10n.dart' is unnecessary because all of the used elements are also provided by the import of 'package:prototype/l10n/l.dart'. Try removing the import directive • test/l10n_completeness_test.dart:17:8 • unnecessary_import
warning • Unused import: 'package:prototype/doc_ref.dart'. Try removing the import directive • test/m177_documents_test.dart:13:8 • unused_import
   info • The import of 'package:flutter/material.dart' is unnecessary because all of the used elements are also provided by the import of 'package:flutter_test/flutter_test.dart'. Try removing the import directive • test/m214_step_export_test.dart:23:8 • unnecessary_import
warning • Unused import: 'package:prototype/pick_math.dart'. Try removing the import directive • test/m219_spline_trim_and_resolution_test.dart:33:8 • unused_import
warning • Unused import: 'package:prototype/assembly.dart'. Try removing the import directive • test/m245_live_link_test.dart:22:8 • unused_import
   info • The import of 'dart:ui' is unnecessary because all of the used elements are also provided by the import of 'package:flutter/material.dart'. Try removing the import directive • test/m247_asm_work_features_test.dart:26:8 • unnecessary_import
warning • Unused import: 'package:prototype/l10n/cad_terms.dart'. Try removing the import directive • test/m247_asm_work_features_test.dart:38:8 • unused_import
warning • Unused import: 'package:prototype/l10n/cad_terms.dart'. Try removing the import directive • test/m248_asm_pattern_test.dart:37:8 • unused_import
warning • Unused import: 'package:prototype/part_render.dart'. Try removing the import directive • test/m250_asm_assemble_test.dart:50:8 • unused_import
   info • The import of 'package:flutter/material.dart' is unnecessary because all of the used elements are also provided by the import of 'package:flutter_test/flutter_test.dart'. Try removing the import directive • test/m256_output_follows_geometry_test.dart:26:8 • unnecessary_import
warning • Unused import: 'package:prototype/ffi/qcad_engine.dart'. Try removing the import directive • test/m357_bleed_chrome_test.dart:30:8 • unused_import
   info • The import of 'dart:ui' is unnecessary because all of the used elements are also provided by the import of 'package:flutter_test/flutter_test.dart'. Try removing the import directive • test/m35_test.dart:8:8 • unnecessary_import
   info • The import of 'dart:ui' is unnecessary because all of the used elements are also provided by the import of 'package:flutter_test/flutter_test.dart'. Try removing the import directive • test/m36_test.dart:9:8 • unnecessary_import
warning • Unused import: 'package:prototype/part_render.dart'. Try removing the import directive • test/m374_measure_highlight_test.dart:30:8 • unused_import
warning • Unused import: 'package:prototype/sync/lan_sync.dart'. Try removing the import directive • test/m382_settings_sync_rows_test.dart:20:8 • unused_import
   info • The import of 'package:flutter/painting.dart' is unnecessary because all of the used elements are also provided by the import of 'package:flutter_test/flutter_test.dart'. Try removing the import directive • test/m392_trackpad_gesture_test.dart:14:8 • unnecessary_import
   info • The import of 'package:flutter/widgets.dart' is unnecessary because all of the used elements are also provided by the import of 'package:flutter/services.dart'. Try removing the import directive • test/m393_orientation_test.dart:8:8 • unnecessary_import
   info • The import of 'dart:ui' is unnecessary because all of the used elements are also provided by the import of 'package:flutter_test/flutter_test.dart'. Try removing the import directive • test/m394_line_chain_anchor_test.dart:13:8 • unnecessary_import
   info • The import of 'dart:ui' is unnecessary because all of the used elements are also provided by the import of 'package:flutter_test/flutter_test.dart'. Try removing the import directive • test/m395_midpoint_inference_test.dart:15:8 • unnecessary_import
   info • The import of 'dart:ui' is unnecessary because all of the used elements are also provided by the import of 'package:flutter_test/flutter_test.dart'. Try removing the import directive • test/m397_profile_gap_test.dart:9:8 • unnecessary_import
   info • The import of 'dart:typed_data' is unnecessary because all of the used elements are also provided by the import of 'package:flutter/services.dart'. Try removing the import directive • test/m453_vision_and_no_dead_ends_test.dart:17:8 • unnecessary_import
   info • The import of 'dart:async' is unnecessary because all of the used elements are also provided by the import of 'package:flutter_test/flutter_test.dart'. Try removing the import directive • test/m455_curves_and_recovery_test.dart:17:8 • unnecessary_import
   info • The import of 'dart:ui' is unnecessary because all of the used elements are also provided by the import of 'package:flutter_test/flutter_test.dart'. Try removing the import directive • test/m455_curves_and_recovery_test.dart:20:8 • unnecessary_import
warning • Unused import: 'package:prototype/inserts.dart'. Try removing the import directive • test/m46_shortcut_suppression_test.dart:11:8 • unused_import
   info • The import of 'dart:ui' is unnecessary because all of the used elements are also provided by the import of 'package:flutter_test/flutter_test.dart'. Try removing the import directive • test/m53_end_of_sketch_test.dart:15:8 • unnecessary_import
   info • The import of 'dart:ui' is unnecessary because all of the used elements are also provided by the import of 'package:flutter_test/flutter_test.dart'. Try removing the import directive • test/m53_hud_arrows_test.dart:6:8 • unnecessary_import
   info • The import of 'package:flutter/material.dart' is unnecessary because all of the used elements are also provided by the import of 'package:flutter_test/flutter_test.dart'. Try removing the import directive • test/m56_part_test.dart:9:8 • unnecessary_import
warning • Unused import: 'dart:typed_data'. Try removing the import directive • test/m58_smooth_solids_test.dart:7:8 • unused_import
warning • Unused import: 'package:prototype/ffi/occt_engine.dart'. Try removing the import directive • test/m58_smooth_solids_test.dart:11:8 • unused_import
   info • The import of 'package:flutter/material.dart' is unnecessary because all of the used elements are also provided by the import of 'package:flutter_test/flutter_test.dart'. Try removing the import directive • test/m62_boolean_test.dart:10:8 • unnecessary_import
   info • The import of 'package:flutter/material.dart' is unnecessary because all of the used elements are also provided by the import of 'package:flutter_test/flutter_test.dart'. Try removing the import directive • test/m67_feature_cache_test.dart:10:8 • unnecessary_import
   info • The import of 'package:flutter/material.dart' is unnecessary because all of the used elements are also provided by the import of 'package:flutter_test/flutter_test.dart'. Try removing the import directive • test/m76_project_3d_test.dart:12:8 • unnecessary_import
   info • The import of 'package:flutter/painting.dart' is unnecessary because all of the used elements are also provided by the import of 'package:flutter_test/flutter_test.dart'. Try removing the import directive • test/m86_spline_fixes_test.dart:18:8 • unnecessary_import
   info • The import of 'package:flutter/painting.dart' is unnecessary because all of the used elements are also provided by the import of 'package:flutter_test/flutter_test.dart'. Try removing the import directive • test/m87_freehand_test.dart:8:8 • unnecessary_import
   info • The import of 'package:flutter/painting.dart' is unnecessary because all of the used elements are also provided by the import of 'package:flutter_test/flutter_test.dart'. Try removing the import directive • test/m92_construction_geometry_test.dart:10:8 • unnecessary_import
   info • The import of 'package:flutter/painting.dart' is unnecessary because all of the used elements are also provided by the import of 'package:flutter_test/flutter_test.dart'. Try removing the import directive • test/m94_centre_drag_test.dart:14:8 • unnecessary_import
warning • Unused import: 'dart:ui'. Try removing the import directive • test/profile_arrangement_test.dart:7:8 • unused_import
   info • The import of 'dart:ui' is unnecessary because all of the used elements are also provided by the import of 'package:flutter_test/flutter_test.dart'. Try removing the import directive • test/trim_crossing_lines_test.dart:7:8 • unnecessary_import
   info • The import of 'dart:ui' is unnecessary because all of the used elements are also provided by the import of 'package:flutter_test/flutter_test.dart'. Try removing the import directive • test/trim_stacked_points_test.dart:12:8 • unnecessary_import
   info • The import of 'dart:ui' is unnecessary because all of the used elements are also provided by the import of 'package:flutter_test/flutter_test.dart'. Try removing the import directive • test/undo_redo_test.dart:12:8 • unnecessary_import

89 issues found. (ran in 20.0s)
